RAM Allocation [bytes]
Variable                                                                          Address   Size
------------------------------------------------------------------------------------------------
SKZ_read                                                                          0x0500       2
true_skz                                                                          0x0502       2
terminal_mode                                                                     0x0504       2
BPS_absent                                                                        0x0506       2
bps_absent_ctr                                                                    0x0508       2
rx_buffer_master                                                                  0x050A     128
rd_counts                                                                         0x058A       1
CalibrFlag                                                                        0x058B       1
r                                                                                 0x058C       1
object_state                                                                      0x058D       1
SPI_tEnd                                                                          0x058E       1
ModBusAddress                                                                     0x058F       2
minimal_SKZ_val                                                                   0x0591       2
minimal_object_enabled_level                                                      0x0593       2
rx_wr_index_master                                                                0x0595       1
rx_counter_master                                                                 0x0596       1
mod_time_master                                                                   0x0597       1
CRCHigh                                                                           0x0598       1
CRCLow                                                                            0x0599       1
reg91_answer                                                                      0x059A       1
crc_master                                                                        0x059B       2
crc_slave                                                                         0x059D       2
AverTime_Value                                                                    0x059F       2
AvTimer                                                                           0x05A1       2
start_calibration                                                                 0x05A3       2
flash_erase_flag                                                                  0x05A5       2
AverSKZ_Value                                                                     0x05A7       2
tx_buffer_counter_master                                                          0x05A9       1
tx_buffer_counter_slave                                                           0x05AA       1
FreqOrder_read                                                                    0x05AB       1
i                                                                                 0x05AC       1
drebezg                                                                           0x05AD       1
AverSKZprcnt                                                                      0x05AE       1
BlinkCounter_Calibration                                                          0x05AF       2
tok                                                                               0x05B1       2
warning_flag                                                                      0x05B3       2
FrequencyQ                                                                        0x05B5       2
ModbusMessage                                                                     0x05B7       2
blink_flag                                                                        0x05B9       2
red                                                                               0x05BB       2
SKZread_counter                                                                   0x05BD       4
DeviceID                                                                          0x05C1       2
crctable                                                                          0x05C3     512
rx_buffer_slave                                                                   0x07C3     128
RData                                                                             0x0843       1
rx_wr_index_slave                                                                 0x0844       1
rx_counter_slave                                                                  0x0845       1
mod_time_slave                                                                    0x0846       1
tx_buffer_slave                                                                   0x0847     128
tx_buffer_begin_slave                                                             0x08C7       1
tx_buffer_end_slave                                                               0x08C8       1
tx_buffer_master                                                                  0x08C9     128
tx_buffer_begin_master                                                            0x0949       1
tx_buffer_end_master                                                              0x094A       1
_seed                                                                             0x094B       4

EEPROM Allocation [bytes]
Variable                                                                          Address   Size
------------------------------------------------------------------------------------------------
kv                                                                                0x0000       4
kn                                                                                0x0004       4

Register Allocation
Variable                                                                          Register  Size
------------------------------------------------------------------------------------------------
LedQ                                                                              R4,R5        2
rms                                                                               R6,R7        2
SKZ_1                                                                             R8,R9        2
SKZ_2                                                                             R10,R11      2
SKZ1toSKZ2                                                                        R12,R13      2
tx_en_master                                                                      R2.0      1bit
rx_m_master                                                                       R2.1      1bit
rx_c_master                                                                       R2.2      1bit
new_message                                                                       R2.3      1bit
BKI_state_sent                                                                    R2.4      1bit
ProcessingEEPROM                                                                  R2.5      1bit
press                                                                             R2.6      1bit
first_press                                                                       R2.7      1bit
second_press                                                                      R3.0      1bit
AverTime_Flag                                                                     R3.1      1bit
SendSKZsave_req                                                                   R3.2      1bit
tx_en_slave                                                                       R3.3      1bit
rx_m_slave                                                                        R3.4      1bit
rx_c_slave                                                                        R3.5      1bit

FLASH Allocation [words]
Function                                                          Address   Size
--------------------------------------------------------------------------------
usart1_rx_isr                                                     0x00279     62
usart0_rx_isr                                                     0x002B7   1166
usart1_tx_isr                                                     0x00745     50
usart0_tx_isr                                                     0x00777     51
timer0_ovf_isr                                                    0x007AA     39
spi_isr                                                           0x007D1     27
current_out                                                       0x007EC     24
EEPROM_write                                                      0x00804     13
led                                                               0x0081D    883
timer3_ovf_isr                                                    0x00B90     35
timer2_ovf_isr                                                    0x00BB3    123
blink_on                                                          0x00C2E      8
blink_off                                                         0x00C36      7
save_skz_arrays                                                   0x00C3D    260
save_freq_order                                                   0x00D41    152
send_SKZMIN_value                                                 0x00DFE     53
send_minimal_operat_val                                           0x00E33     53
send_freq_order                                                   0x00E96     44
ind_select                                                        0x00EC2     89
terminal_commander                                                0x00F1B    115
main                                                              0x00F8E   1993
crc_rtu_master                                                    0x0179E     67
CRC_update                                                        0x017E1     37
mov_buf_master                                                    0x01806      6
mov_buf0                                                          0x0180C     27
crc_end_master                                                    0x01827     29
